2026-07-23 08:25:36.101 UTC [1] LOG:  starting PostgreSQL 15.15 on x86_64-pc-linux-musl, compiled by gcc (Alpine 14.2.0) 14.2.0, 64-bit
2026-07-23 08:25:36.102 UTC [1] LOG:  listening on IPv4 address "0.0.0.0", port 5432
2026-07-23 08:25:36.102 UTC [1] LOG:  listening on IPv6 address "::", port 5432
2026-07-23 08:25:36.111 UTC [1] LOG:  listening on Unix socket "/var/run/postgresql/.s.PGSQL.5432"
2026-07-23 08:25:36.130 UTC [30] LOG:  database system was interrupted; last known up at 2026-06-28 09:37:02 UTC
2026-07-23 08:25:37.282 UTC [30] LOG:  database system was not properly shut down; automatic recovery in progress
2026-07-23 08:25:37.291 UTC [30] LOG:  redo starts at 0/1ACCFB8
2026-07-23 08:25:37.291 UTC [30] LOG:  invalid record length at 0/1ACD0A0: wanted 24, got 0
2026-07-23 08:25:37.291 UTC [30] LOG:  redo done at 0/1ACD068 system usage: CPU: user: 0.00 s, system: 0.00 s, elapsed: 0.00 s
2026-07-23 08:25:37.306 UTC [28] LOG:  checkpoint starting: end-of-recovery immediate wait
2026-07-23 08:25:37.339 UTC [28] LOG:  checkpoint complete: wrote 3 buffers (0.0%); 0 WAL file(s) added, 0 removed, 0 recycled; write=0.010 s, sync=0.004 s, total=0.038 s; sync files=2, longest=0.002 s, average=0.002 s; distance=0 kB, estimate=0 kB
2026-07-23 08:25:37.363 UTC [1] LOG:  database system is ready to accept connections
2026-07-23 12:03:06.215 UTC [1] LOG:  received fast shutdown request
2026-07-23 12:03:06.225 UTC [1] LOG:  aborting any active transactions
2026-07-23 12:03:06.243 UTC [1] LOG:  background worker "logical replication launcher" (PID 33) exited with exit code 1
2026-07-23 12:03:06.245 UTC [28] LOG:  shutting down
2026-07-23 12:03:06.252 UTC [28] LOG:  checkpoint starting: shutdown immediate
2026-07-23 12:03:06.314 UTC [28] LOG:  checkpoint complete: wrote 0 buffers (0.0%); 0 WAL file(s) added, 0 removed, 0 recycled; write=0.024 s, sync=0.001 s, total=0.067 s; sync files=0, longest=0.000 s, average=0.000 s; distance=0 kB, estimate=0 kB
2026-07-23 12:03:06.333 UTC [1] LOG:  database system is shut down
2026-07-23 12:04:13.546 UTC [1] LOG:  starting PostgreSQL 15.15 on x86_64-pc-linux-musl, compiled by gcc (Alpine 14.2.0) 14.2.0, 64-bit
2026-07-23 12:04:13.547 UTC [1] LOG:  listening on IPv4 address "0.0.0.0", port 5432
2026-07-23 12:04:13.547 UTC [1] LOG:  listening on IPv6 address "::", port 5432
2026-07-23 12:04:13.566 UTC [1] LOG:  listening on Unix socket "/var/run/postgresql/.s.PGSQL.5432"
2026-07-23 12:04:13.595 UTC [30] LOG:  database system was shut down at 2026-07-23 12:03:06 UTC
2026-07-23 12:04:13.620 UTC [1] LOG:  database system is ready to accept connections
2026-07-23 12:05:26.906 UTC [1] LOG:  starting PostgreSQL 15.15 on x86_64-pc-linux-musl, compiled by gcc (Alpine 14.2.0) 14.2.0, 64-bit
2026-07-23 12:05:26.923 UTC [1] LOG:  listening on IPv4 address "0.0.0.0", port 5432
2026-07-23 12:05:26.923 UTC [1] LOG:  listening on IPv6 address "::", port 5432
2026-07-23 12:05:26.960 UTC [1] LOG:  listening on Unix socket "/var/run/postgresql/.s.PGSQL.5432"
2026-07-23 12:05:26.984 UTC [30] LOG:  database system was interrupted; last known up at 2026-07-23 12:04:13 UTC
2026-07-23 12:05:28.897 UTC [30] LOG:  database system was not properly shut down; automatic recovery in progress
2026-07-23 12:05:28.918 UTC [30] LOG:  redo starts at 0/1ACD1C8
2026-07-23 12:05:28.918 UTC [30] LOG:  invalid record length at 0/1ACD200: wanted 24, got 0
2026-07-23 12:05:28.918 UTC [30] LOG:  redo done at 0/1ACD1C8 system usage: CPU: user: 0.00 s, system: 0.00 s, elapsed: 0.00 s
2026-07-23 12:05:28.932 UTC [28] LOG:  checkpoint starting: end-of-recovery immediate wait
2026-07-23 12:05:28.977 UTC [28] LOG:  checkpoint complete: wrote 3 buffers (0.0%); 0 WAL file(s) added, 0 removed, 0 recycled; write=0.008 s, sync=0.005 s, total=0.052 s; sync files=2, longest=0.003 s, average=0.003 s; distance=0 kB, estimate=0 kB
2026-07-23 12:05:28.991 UTC [1] LOG:  database system is ready to accept connections
2026-07-23 12:31:09.512 UTC [1] LOG:  received fast shutdown request
2026-07-23 12:31:09.520 UTC [1] LOG:  aborting any active transactions
2026-07-23 12:31:09.534 UTC [1] LOG:  background worker "logical replication launcher" (PID 33) exited with exit code 1
2026-07-23 12:31:09.538 UTC [28] LOG:  shutting down
2026-07-23 12:31:09.546 UTC [28] LOG:  checkpoint starting: shutdown immediate
2026-07-23 12:31:09.593 UTC [28] LOG:  checkpoint complete: wrote 0 buffers (0.0%); 0 WAL file(s) added, 0 removed, 0 recycled; write=0.022 s, sync=0.001 s, total=0.052 s; sync files=0, longest=0.000 s, average=0.000 s; distance=0 kB, estimate=0 kB
2026-07-23 12:31:09.618 UTC [1] LOG:  database system is shut down
2026-07-23 12:31:39.392 UTC [1] LOG:  starting PostgreSQL 15.15 on x86_64-pc-linux-musl, compiled by gcc (Alpine 14.2.0) 14.2.0, 64-bit
2026-07-23 12:31:39.393 UTC [1] LOG:  listening on IPv4 address "0.0.0.0", port 5432
2026-07-23 12:31:39.393 UTC [1] LOG:  listening on IPv6 address "::", port 5432
2026-07-23 12:31:39.403 UTC [1] LOG:  listening on Unix socket "/var/run/postgresql/.s.PGSQL.5432"
2026-07-23 12:31:39.422 UTC [30] LOG:  database system was shut down at 2026-07-23 12:31:09 UTC
2026-07-23 12:31:39.442 UTC [1] LOG:  database system is ready to accept connections
2026-07-23 12:37:06.784 UTC [28] LOG:  checkpoint starting: time
2026-07-23 12:37:06.822 UTC [28] LOG:  checkpoint complete: wrote 3 buffers (0.0%); 0 WAL file(s) added, 0 removed, 0 recycled; write=0.011 s, sync=0.003 s, total=0.040 s; sync files=2, longest=0.002 s, average=0.002 s; distance=0 kB, estimate=0 kB
2026-07-23 12:49:44.769 UTC [1] LOG:  received fast shutdown request
2026-07-23 12:49:44.775 UTC [1] LOG:  aborting any active transactions
2026-07-23 12:49:44.785 UTC [1] LOG:  background worker "logical replication launcher" (PID 33) exited with exit code 1
2026-07-23 12:49:44.786 UTC [28] LOG:  shutting down
2026-07-23 12:49:44.790 UTC [28] LOG:  checkpoint starting: shutdown immediate
2026-07-23 12:49:44.805 UTC [28] LOG:  checkpoint complete: wrote 0 buffers (0.0%); 0 WAL file(s) added, 0 removed, 0 recycled; write=0.001 s, sync=0.001 s, total=0.020 s; sync files=0, longest=0.000 s, average=0.000 s; distance=0 kB, estimate=0 kB
2026-07-23 12:49:44.822 UTC [1] LOG:  database system is shut down
