2026-05-12 08:03:57.478 UTC [1] LOG:  starting PostgreSQL 15.15 on x86_64-pc-linux-musl, compiled by gcc (Alpine 14.2.0) 14.2.0, 64-bit
2026-05-12 08:03:57.479 UTC [1] LOG:  listening on IPv4 address "0.0.0.0", port 5432
2026-05-12 08:03:57.479 UTC [1] LOG:  listening on IPv6 address "::", port 5432
2026-05-12 08:03:57.487 UTC [1] LOG:  listening on Unix socket "/var/run/postgresql/.s.PGSQL.5432"
2026-05-12 08:03:57.501 UTC [30] LOG:  database system was shut down at 2026-05-11 21:02:03 UTC
2026-05-12 08:03:57.521 UTC [1] LOG:  database system is ready to accept connections
2026-05-12 08:09:20.239 UTC [28] LOG:  checkpoint starting: time
2026-05-12 08:09:20.281 UTC [28] LOG:  checkpoint complete: wrote 3 buffers (0.0%); 0 WAL file(s) added, 0 removed, 0 recycled; write=0.016 s, sync=0.004 s, total=0.043 s; sync files=2, longest=0.003 s, average=0.002 s; distance=0 kB, estimate=0 kB
2026-05-12 08:23:49.565 UTC [1] LOG:  received fast shutdown request
2026-05-12 08:23:49.569 UTC [1] LOG:  aborting any active transactions
2026-05-12 08:23:49.580 UTC [1] LOG:  background worker "logical replication launcher" (PID 33) exited with exit code 1
2026-05-12 08:23:49.582 UTC [28] LOG:  shutting down
2026-05-12 08:23:49.586 UTC [28] LOG:  checkpoint starting: shutdown immediate
2026-05-12 08:23:49.616 UTC [28] LOG:  checkpoint complete: wrote 0 buffers (0.0%); 0 WAL file(s) added, 0 removed, 0 recycled; write=0.017 s, sync=0.001 s, total=0.035 s; sync files=0, longest=0.000 s, average=0.000 s; distance=0 kB, estimate=0 kB
2026-05-12 08:23:49.640 UTC [1] LOG:  database system is shut down
2026-05-12 08:23:58.609 UTC [1] LOG:  starting PostgreSQL 15.15 on x86_64-pc-linux-musl, compiled by gcc (Alpine 14.2.0) 14.2.0, 64-bit
2026-05-12 08:23:58.610 UTC [1] LOG:  listening on IPv4 address "0.0.0.0", port 5432
2026-05-12 08:23:58.610 UTC [1] LOG:  listening on IPv6 address "::", port 5432
2026-05-12 08:23:58.617 UTC [1] LOG:  listening on Unix socket "/var/run/postgresql/.s.PGSQL.5432"
2026-05-12 08:23:58.630 UTC [30] LOG:  database system was shut down at 2026-05-12 08:23:49 UTC
2026-05-12 08:23:58.662 UTC [1] LOG:  database system is ready to accept connections
2026-05-12 08:27:50.959 UTC [1] LOG:  received fast shutdown request
2026-05-12 08:27:50.962 UTC [1] LOG:  aborting any active transactions
2026-05-12 08:27:50.967 UTC [41] FATAL:  terminating connection due to administrator command
2026-05-12 08:27:50.973 UTC [1] LOG:  background worker "logical replication launcher" (PID 33) exited with exit code 1
2026-05-12 08:27:50.980 UTC [28] LOG:  shutting down
2026-05-12 08:27:50.983 UTC [28] LOG:  checkpoint starting: shutdown immediate
2026-05-12 08:27:51.022 UTC [28] LOG:  checkpoint complete: wrote 6 buffers (0.0%); 0 WAL file(s) added, 0 removed, 0 recycled; write=0.020 s, sync=0.007 s, total=0.043 s; sync files=5, longest=0.003 s, average=0.002 s; distance=4 kB, estimate=4 kB
2026-05-12 08:27:51.038 UTC [1] LOG:  database system is shut down
2026-05-12 08:28:21.938 UTC [1] LOG:  starting PostgreSQL 15.15 on x86_64-pc-linux-musl, compiled by gcc (Alpine 14.2.0) 14.2.0, 64-bit
2026-05-12 08:28:21.939 UTC [1] LOG:  listening on IPv4 address "0.0.0.0", port 5432
2026-05-12 08:28:21.939 UTC [1] LOG:  listening on IPv6 address "::", port 5432
2026-05-12 08:28:21.955 UTC [1] LOG:  listening on Unix socket "/var/run/postgresql/.s.PGSQL.5432"
2026-05-12 08:28:21.971 UTC [30] LOG:  database system was shut down at 2026-05-12 08:27:51 UTC
2026-05-12 08:28:21.989 UTC [1] LOG:  database system is ready to accept connections
2026-05-12 08:31:39.007 UTC [1] LOG:  received fast shutdown request
2026-05-12 08:31:39.011 UTC [1] LOG:  aborting any active transactions
2026-05-12 08:31:39.016 UTC [1] LOG:  background worker "logical replication launcher" (PID 33) exited with exit code 1
2026-05-12 08:31:39.016 UTC [28] LOG:  shutting down
2026-05-12 08:31:39.020 UTC [28] LOG:  checkpoint starting: shutdown immediate
2026-05-12 08:31:39.040 UTC [28] LOG:  checkpoint complete: wrote 3 buffers (0.0%); 0 WAL file(s) added, 0 removed, 0 recycled; write=0.006 s, sync=0.003 s, total=0.024 s; sync files=2, longest=0.002 s, average=0.002 s; distance=0 kB, estimate=0 kB
2026-05-12 08:31:39.051 UTC [1] LOG:  database system is shut down
2026-05-12 08:31:59.687 UTC [1] LOG:  starting PostgreSQL 15.15 on x86_64-pc-linux-musl, compiled by gcc (Alpine 14.2.0) 14.2.0, 64-bit
2026-05-12 08:31:59.688 UTC [1] LOG:  listening on IPv4 address "0.0.0.0", port 5432
2026-05-12 08:31:59.688 UTC [1] LOG:  listening on IPv6 address "::", port 5432
2026-05-12 08:31:59.697 UTC [1] LOG:  listening on Unix socket "/var/run/postgresql/.s.PGSQL.5432"
2026-05-12 08:31:59.722 UTC [32] LOG:  database system was shut down at 2026-05-12 08:31:39 UTC
2026-05-12 08:31:59.742 UTC [1] LOG:  database system is ready to accept connections
2026-05-12 08:33:47.934 UTC [1] LOG:  received fast shutdown request
2026-05-12 08:33:47.938 UTC [1] LOG:  aborting any active transactions
2026-05-12 08:33:47.938 UTC [54] FATAL:  terminating connection due to administrator command
2026-05-12 08:33:47.942 UTC [1] LOG:  background worker "logical replication launcher" (PID 35) exited with exit code 1
2026-05-12 08:33:47.944 UTC [30] LOG:  shutting down
2026-05-12 08:33:47.948 UTC [30] LOG:  checkpoint starting: shutdown immediate
2026-05-12 08:33:47.971 UTC [30] LOG:  checkpoint complete: wrote 6 buffers (0.0%); 0 WAL file(s) added, 0 removed, 0 recycled; write=0.006 s, sync=0.007 s, total=0.028 s; sync files=5, longest=0.003 s, average=0.002 s; distance=5 kB, estimate=5 kB
2026-05-12 08:33:47.983 UTC [1] LOG:  database system is shut down
2026-05-12 08:34:07.068 UTC [1] LOG:  starting PostgreSQL 15.15 on x86_64-pc-linux-musl, compiled by gcc (Alpine 14.2.0) 14.2.0, 64-bit
2026-05-12 08:34:07.069 UTC [1] LOG:  listening on IPv4 address "0.0.0.0", port 5432
2026-05-12 08:34:07.069 UTC [1] LOG:  listening on IPv6 address "::", port 5432
2026-05-12 08:34:07.076 UTC [1] LOG:  listening on Unix socket "/var/run/postgresql/.s.PGSQL.5432"
2026-05-12 08:34:07.089 UTC [30] LOG:  database system was shut down at 2026-05-12 08:33:47 UTC
2026-05-12 08:34:07.104 UTC [1] LOG:  database system is ready to accept connections
2026-05-12 08:39:30.011 UTC [28] LOG:  checkpoint starting: time
2026-05-12 08:39:30.344 UTC [28] LOG:  checkpoint complete: wrote 6 buffers (0.0%); 0 WAL file(s) added, 0 removed, 0 recycled; write=0.311 s, sync=0.007 s, total=0.334 s; sync files=5, longest=0.002 s, average=0.002 s; distance=5 kB, estimate=5 kB
2026-05-12 08:39:49.475 UTC [1] LOG:  received fast shutdown request
2026-05-12 08:39:49.481 UTC [1] LOG:  aborting any active transactions
2026-05-12 08:39:49.488 UTC [1] LOG:  background worker "logical replication launcher" (PID 33) exited with exit code 1
2026-05-12 08:39:49.488 UTC [28] LOG:  shutting down
2026-05-12 08:39:49.492 UTC [28] LOG:  checkpoint starting: shutdown immediate
2026-05-12 08:39:49.508 UTC [28] LOG:  checkpoint complete: wrote 0 buffers (0.0%); 0 WAL file(s) added, 0 removed, 0 recycled; write=0.001 s, sync=0.001 s, total=0.020 s; sync files=0, longest=0.000 s, average=0.000 s; distance=0 kB, estimate=5 kB
2026-05-12 08:39:49.523 UTC [1] LOG:  database system is shut down
2026-05-12 08:39:53.367 UTC [1] LOG:  starting PostgreSQL 15.15 on x86_64-pc-linux-musl, compiled by gcc (Alpine 14.2.0) 14.2.0, 64-bit
2026-05-12 08:39:53.368 UTC [1] LOG:  listening on IPv4 address "0.0.0.0", port 5432
2026-05-12 08:39:53.368 UTC [1] LOG:  listening on IPv6 address "::", port 5432
2026-05-12 08:39:53.375 UTC [1] LOG:  listening on Unix socket "/var/run/postgresql/.s.PGSQL.5432"
2026-05-12 08:39:53.386 UTC [30] LOG:  database system was shut down at 2026-05-12 08:39:49 UTC
2026-05-12 08:39:53.401 UTC [1] LOG:  database system is ready to accept connections
2026-05-12 08:45:16.491 UTC [28] LOG:  checkpoint starting: time
2026-05-12 08:45:16.854 UTC [28] LOG:  checkpoint complete: wrote 6 buffers (0.0%); 0 WAL file(s) added, 0 removed, 0 recycled; write=0.335 s, sync=0.009 s, total=0.363 s; sync files=5, longest=0.004 s, average=0.002 s; distance=6 kB, estimate=6 kB
2026-05-12 08:49:55.440 UTC [1] LOG:  received fast shutdown request
2026-05-12 08:49:55.444 UTC [1] LOG:  aborting any active transactions
2026-05-12 08:49:55.447 UTC [42] FATAL:  terminating connection due to administrator command
2026-05-12 08:49:55.454 UTC [1] LOG:  background worker "logical replication launcher" (PID 33) exited with exit code 1
2026-05-12 08:49:55.458 UTC [28] LOG:  shutting down
2026-05-12 08:49:55.462 UTC [28] LOG:  checkpoint starting: shutdown immediate
2026-05-12 08:49:55.482 UTC [28] LOG:  checkpoint complete: wrote 4 buffers (0.0%); 0 WAL file(s) added, 0 removed, 0 recycled; write=0.004 s, sync=0.006 s, total=0.024 s; sync files=4, longest=0.003 s, average=0.002 s; distance=7 kB, estimate=7 kB
2026-05-12 08:49:55.498 UTC [1] LOG:  database system is shut down
2026-05-12 08:50:17.258 UTC [1] LOG:  starting PostgreSQL 15.15 on x86_64-pc-linux-musl, compiled by gcc (Alpine 14.2.0) 14.2.0, 64-bit
2026-05-12 08:50:17.259 UTC [1] LOG:  listening on IPv4 address "0.0.0.0", port 5432
2026-05-12 08:50:17.259 UTC [1] LOG:  listening on IPv6 address "::", port 5432
2026-05-12 08:50:17.267 UTC [1] LOG:  listening on Unix socket "/var/run/postgresql/.s.PGSQL.5432"
2026-05-12 08:50:17.280 UTC [36] LOG:  database system was shut down at 2026-05-12 08:49:55 UTC
2026-05-12 08:50:17.293 UTC [1] LOG:  database system is ready to accept connections
2026-05-12 08:55:39.708 UTC [34] LOG:  checkpoint starting: time
2026-05-12 08:55:40.048 UTC [34] LOG:  checkpoint complete: wrote 6 buffers (0.0%); 0 WAL file(s) added, 0 removed, 0 recycled; write=0.313 s, sync=0.009 s, total=0.341 s; sync files=5, longest=0.003 s, average=0.002 s; distance=8 kB, estimate=8 kB
2026-05-12 08:57:40.361 UTC [1] LOG:  received fast shutdown request
2026-05-12 08:57:40.365 UTC [1] LOG:  aborting any active transactions
2026-05-12 08:57:40.366 UTC [54] FATAL:  terminating connection due to administrator command
2026-05-12 08:57:40.373 UTC [1] LOG:  background worker "logical replication launcher" (PID 39) exited with exit code 1
2026-05-12 08:57:40.373 UTC [34] LOG:  shutting down
2026-05-12 08:57:40.377 UTC [34] LOG:  checkpoint starting: shutdown immediate
2026-05-12 08:57:40.405 UTC [34] LOG:  checkpoint complete: wrote 6 buffers (0.0%); 0 WAL file(s) added, 0 removed, 0 recycled; write=0.007 s, sync=0.008 s, total=0.032 s; sync files=6, longest=0.004 s, average=0.002 s; distance=17 kB, estimate=17 kB
2026-05-12 08:57:40.421 UTC [1] LOG:  database system is shut down
2026-05-12 08:58:01.443 UTC [1] LOG:  starting PostgreSQL 15.15 on x86_64-pc-linux-musl, compiled by gcc (Alpine 14.2.0) 14.2.0, 64-bit
2026-05-12 08:58:01.443 UTC [1] LOG:  listening on IPv4 address "0.0.0.0", port 5432
2026-05-12 08:58:01.443 UTC [1] LOG:  listening on IPv6 address "::", port 5432
2026-05-12 08:58:01.453 UTC [1] LOG:  listening on Unix socket "/var/run/postgresql/.s.PGSQL.5432"
2026-05-12 08:58:01.467 UTC [30] LOG:  database system was shut down at 2026-05-12 08:57:40 UTC
2026-05-12 08:58:01.488 UTC [1] LOG:  database system is ready to accept connections
2026-05-12 09:03:16.228 UTC [28] LOG:  checkpoint starting: time
2026-05-12 09:03:17.069 UTC [28] LOG:  checkpoint complete: wrote 11 buffers (0.1%); 0 WAL file(s) added, 0 removed, 0 recycled; write=0.812 s, sync=0.016 s, total=0.842 s; sync files=8, longest=0.007 s, average=0.002 s; distance=18 kB, estimate=18 kB
2026-05-12 16:01:21.588 UTC [1] LOG:  received fast shutdown request
2026-05-12 16:01:21.594 UTC [1] LOG:  aborting any active transactions
2026-05-12 16:01:21.602 UTC [52] FATAL:  terminating connection due to administrator command
2026-05-12 16:01:21.613 UTC [1] LOG:  background worker "logical replication launcher" (PID 33) exited with exit code 1
2026-05-12 16:01:21.616 UTC [28] LOG:  shutting down
2026-05-12 16:01:21.622 UTC [28] LOG:  checkpoint starting: shutdown immediate
2026-05-12 16:01:21.683 UTC [28] LOG:  checkpoint complete: wrote 0 buffers (0.0%); 0 WAL file(s) added, 0 removed, 0 recycled; write=0.043 s, sync=0.001 s, total=0.064 s; sync files=0, longest=0.000 s, average=0.000 s; distance=0 kB, estimate=17 kB
2026-05-12 16:01:21.707 UTC [1] LOG:  database system is shut down
2026-05-12 16:14:34.093 UTC [1] LOG:  starting PostgreSQL 15.15 on x86_64-pc-linux-musl, compiled by gcc (Alpine 14.2.0) 14.2.0, 64-bit
2026-05-12 16:14:34.093 UTC [1] LOG:  listening on IPv4 address "0.0.0.0", port 5432
2026-05-12 16:14:34.093 UTC [1] LOG:  listening on IPv6 address "::", port 5432
2026-05-12 16:14:34.107 UTC [1] LOG:  listening on Unix socket "/var/run/postgresql/.s.PGSQL.5432"
2026-05-12 16:14:34.122 UTC [30] LOG:  database system was shut down at 2026-05-12 16:01:21 UTC
2026-05-12 16:14:34.146 UTC [1] LOG:  database system is ready to accept connections
2026-05-12 16:17:29.313 UTC [34] ERROR:  invalid input value for enum vid_state: "ENCODER_ZIP_FAILED"
2026-05-12 16:17:29.313 UTC [34] CONTEXT:  unnamed portal parameter $10 = '...'
2026-05-12 16:17:29.313 UTC [34] STATEMENT:  update vid set about=$1,encoded_location=$2,length=$3,name=$4,present=$5,size=$6,upload_location=$7,uploaded_at=$8,uploaded_by=$9,vid_stat=$10 where id=$11
2026-05-12 16:19:34.963 UTC [28] LOG:  checkpoint starting: time
2026-05-12 16:19:35.774 UTC [28] LOG:  checkpoint complete: wrote 10 buffers (0.1%); 0 WAL file(s) added, 0 removed, 0 recycled; write=0.732 s, sync=0.009 s, total=0.812 s; sync files=9, longest=0.002 s, average=0.001 s; distance=8 kB, estimate=8 kB
2026-05-12 16:35:49.031 UTC [1] LOG:  starting PostgreSQL 15.15 on x86_64-pc-linux-musl, compiled by gcc (Alpine 14.2.0) 14.2.0, 64-bit
2026-05-12 16:35:49.032 UTC [1] LOG:  listening on IPv4 address "0.0.0.0", port 5432
2026-05-12 16:35:49.032 UTC [1] LOG:  listening on IPv6 address "::", port 5432
2026-05-12 16:35:49.045 UTC [1] LOG:  listening on Unix socket "/var/run/postgresql/.s.PGSQL.5432"
2026-05-12 16:35:49.061 UTC [30] LOG:  database system was interrupted; last known up at 2026-05-12 16:19:35 UTC
2026-05-12 16:35:50.387 UTC [30] LOG:  database system was not properly shut down; automatic recovery in progress
2026-05-12 16:35:50.401 UTC [30] LOG:  redo starts at 0/1A97EA8
2026-05-12 16:35:50.401 UTC [30] LOG:  invalid record length at 0/1A97F90: wanted 24, got 0
2026-05-12 16:35:50.401 UTC [30] LOG:  redo done at 0/1A97F58 system usage: CPU: user: 0.00 s, system: 0.00 s, elapsed: 0.00 s
2026-05-12 16:35:50.417 UTC [28] LOG:  checkpoint starting: end-of-recovery immediate wait
2026-05-12 16:35:50.444 UTC [28] LOG:  checkpoint complete: wrote 3 buffers (0.0%); 0 WAL file(s) added, 0 removed, 0 recycled; write=0.007 s, sync=0.003 s, total=0.032 s; sync files=2, longest=0.002 s, average=0.002 s; distance=0 kB, estimate=0 kB
2026-05-12 16:35:50.456 UTC [1] LOG:  database system is ready to accept connections
2026-05-12 16:39:17.286 UTC [1] LOG:  received fast shutdown request
2026-05-12 16:39:17.290 UTC [1] LOG:  aborting any active transactions
2026-05-12 16:39:17.297 UTC [1] LOG:  background worker "logical replication launcher" (PID 33) exited with exit code 1
2026-05-12 16:39:17.298 UTC [28] LOG:  shutting down
2026-05-12 16:39:17.302 UTC [28] LOG:  checkpoint starting: shutdown immediate
2026-05-12 16:39:17.336 UTC [28] LOG:  checkpoint complete: wrote 5 buffers (0.0%); 0 WAL file(s) added, 0 removed, 0 recycled; write=0.008 s, sync=0.008 s, total=0.038 s; sync files=5, longest=0.004 s, average=0.002 s; distance=5 kB, estimate=5 kB
2026-05-12 16:39:17.353 UTC [1] LOG:  database system is shut down
2026-05-12 16:39:56.044 UTC [1] LOG:  starting PostgreSQL 15.15 on x86_64-pc-linux-musl, compiled by gcc (Alpine 14.2.0) 14.2.0, 64-bit
2026-05-12 16:39:56.045 UTC [1] LOG:  listening on IPv4 address "0.0.0.0", port 5432
2026-05-12 16:39:56.045 UTC [1] LOG:  listening on IPv6 address "::", port 5432
2026-05-12 16:39:56.063 UTC [1] LOG:  listening on Unix socket "/var/run/postgresql/.s.PGSQL.5432"
2026-05-12 16:39:56.078 UTC [30] LOG:  database system was shut down at 2026-05-12 16:39:17 UTC
2026-05-12 16:39:56.095 UTC [1] LOG:  database system is ready to accept connections
2026-05-12 16:44:56.940 UTC [28] LOG:  checkpoint starting: time
2026-05-12 16:44:57.432 UTC [28] LOG:  checkpoint complete: wrote 7 buffers (0.0%); 0 WAL file(s) added, 0 removed, 0 recycled; write=0.412 s, sync=0.015 s, total=0.492 s; sync files=6, longest=0.010 s, average=0.003 s; distance=7 kB, estimate=7 kB
2026-05-12 17:11:57.308 UTC [1] LOG:  received fast shutdown request
2026-05-12 17:11:57.313 UTC [1] LOG:  aborting any active transactions
2026-05-12 17:11:57.318 UTC [60] FATAL:  terminating connection due to administrator command
2026-05-12 17:11:57.327 UTC [1] LOG:  background worker "logical replication launcher" (PID 33) exited with exit code 1
2026-05-12 17:11:57.330 UTC [28] LOG:  shutting down
2026-05-12 17:11:57.337 UTC [28] LOG:  checkpoint starting: shutdown immediate
2026-05-12 17:11:57.380 UTC [28] LOG:  checkpoint complete: wrote 0 buffers (0.0%); 0 WAL file(s) added, 0 removed, 0 recycled; write=0.021 s, sync=0.001 s, total=0.049 s; sync files=0, longest=0.000 s, average=0.000 s; distance=0 kB, estimate=6 kB
2026-05-12 17:11:57.405 UTC [1] LOG:  database system is shut down
