2026-05-10 12:45:50.498 UTC [41] LOG:  starting PostgreSQL 15.15 on x86_64-pc-linux-musl, compiled by gcc (Alpine 14.2.0) 14.2.0, 64-bit
2026-05-10 12:45:50.503 UTC [41] LOG:  listening on Unix socket "/var/run/postgresql/.s.PGSQL.5432"
2026-05-10 12:45:50.517 UTC [45] LOG:  database system was shut down at 2026-05-10 12:45:49 UTC
2026-05-10 12:45:50.531 UTC [41] LOG:  database system is ready to accept connections
2026-05-10 12:45:50.831 UTC [41] LOG:  received fast shutdown request
2026-05-10 12:45:50.836 UTC [41] LOG:  aborting any active transactions
2026-05-10 12:45:50.841 UTC [41] LOG:  background worker "logical replication launcher" (PID 48) exited with exit code 1
2026-05-10 12:45:50.842 UTC [43] LOG:  shutting down
2026-05-10 12:45:50.846 UTC [43] LOG:  checkpoint starting: shutdown immediate
2026-05-10 12:45:51.173 UTC [43] LOG:  checkpoint complete: wrote 921 buffers (5.6%); 0 WAL file(s) added, 0 removed, 0 recycled; write=0.079 s, sync=0.233 s, total=0.331 s; sync files=301, longest=0.007 s, average=0.001 s; distance=4239 kB, estimate=4239 kB
2026-05-10 12:45:51.193 UTC [41] LOG:  database system is shut down
2026-05-10 12:45:51.286 UTC [1] LOG:  starting PostgreSQL 15.15 on x86_64-pc-linux-musl, compiled by gcc (Alpine 14.2.0) 14.2.0, 64-bit
2026-05-10 12:45:51.289 UTC [1] LOG:  listening on IPv4 address "0.0.0.0", port 5432
2026-05-10 12:45:51.289 UTC [1] LOG:  listening on IPv6 address "::", port 5432
2026-05-10 12:45:51.297 UTC [1] LOG:  listening on Unix socket "/var/run/postgresql/.s.PGSQL.5432"
2026-05-10 12:45:51.308 UTC [59] LOG:  database system was shut down at 2026-05-10 12:45:51 UTC
2026-05-10 12:45:51.320 UTC [1] LOG:  database system is ready to accept connections
2026-05-10 12:45:54.656 UTC [64] ERROR:  function uuid_generate_v4() does not exist at character 51
2026-05-10 12:45:54.656 UTC [64] HINT:  No function matches the given name and argument types. You might need to add explicit type casts.
2026-05-10 12:45:54.656 UTC [64] STATEMENT:  CREATE TABLE users (
	id UUID PRIMARY KEY DEFAULT uuid_generate_v4(),
	name VARCHAR(255) NOT NULL UNIQUE,
	email VARCHAR(255) NOT NULL UNIQUE,
	created_date TIMESTAMPTZ DEFAULT NOW(),
	subscription_id UUID UNIQUE
	)
