2026-05-14 06:56:22.691 UTC [1] LOG:  starting PostgreSQL 15.15 on x86_64-pc-linux-musl, compiled by gcc (Alpine 14.2.0) 14.2.0, 64-bit
2026-05-14 06:56:22.691 UTC [1] LOG:  listening on IPv4 address "0.0.0.0", port 5432
2026-05-14 06:56:22.691 UTC [1] LOG:  listening on IPv6 address "::", port 5432
2026-05-14 06:56:22.700 UTC [1] LOG:  listening on Unix socket "/var/run/postgresql/.s.PGSQL.5432"
2026-05-14 06:56:22.714 UTC [30] LOG:  database system was interrupted; last known up at 2026-05-12 21:28:30 UTC
2026-05-14 06:56:24.095 UTC [30] LOG:  database system was not properly shut down; automatic recovery in progress
2026-05-14 06:56:24.105 UTC [30] LOG:  redo starts at 0/1AB7450
2026-05-14 06:56:24.105 UTC [30] LOG:  invalid record length at 0/1AB7538: wanted 24, got 0
2026-05-14 06:56:24.105 UTC [30] LOG:  redo done at 0/1AB7500 system usage: CPU: user: 0.00 s, system: 0.00 s, elapsed: 0.00 s
2026-05-14 06:56:24.128 UTC [28] LOG:  checkpoint starting: end-of-recovery immediate wait
2026-05-14 06:56:24.159 UTC [28] LOG:  checkpoint complete: wrote 3 buffers (0.0%); 0 WAL file(s) added, 0 removed, 0 recycled; write=0.010 s, sync=0.004 s, total=0.039 s; sync files=2, longest=0.003 s, average=0.002 s; distance=0 kB, estimate=0 kB
2026-05-14 06:56:24.177 UTC [1] LOG:  database system is ready to accept connections
2026-05-14 06:58:51.013 UTC [1] LOG:  received fast shutdown request
2026-05-14 06:58:51.016 UTC [1] LOG:  aborting any active transactions
2026-05-14 06:58:51.020 UTC [1] LOG:  background worker "logical replication launcher" (PID 39) exited with exit code 1
2026-05-14 06:58:51.021 UTC [28] LOG:  shutting down
2026-05-14 06:58:51.025 UTC [28] LOG:  checkpoint starting: shutdown immediate
2026-05-14 06:58:51.052 UTC [28] LOG:  checkpoint complete: wrote 8 buffers (0.0%); 0 WAL file(s) added, 0 removed, 0 recycled; write=0.004 s, sync=0.008 s, total=0.031 s; sync files=8, longest=0.004 s, average=0.001 s; distance=8 kB, estimate=8 kB
2026-05-14 06:58:51.062 UTC [1] LOG:  database system is shut down
2026-05-14 07:07:34.390 UTC [1] LOG:  starting PostgreSQL 15.15 on x86_64-pc-linux-musl, compiled by gcc (Alpine 14.2.0) 14.2.0, 64-bit
2026-05-14 07:07:34.390 UTC [1] LOG:  listening on IPv4 address "0.0.0.0", port 5432
2026-05-14 07:07:34.390 UTC [1] LOG:  listening on IPv6 address "::", port 5432
2026-05-14 07:07:34.397 UTC [1] LOG:  listening on Unix socket "/var/run/postgresql/.s.PGSQL.5432"
2026-05-14 07:07:34.412 UTC [30] LOG:  database system was shut down at 2026-05-14 06:58:51 UTC
2026-05-14 07:07:34.432 UTC [1] LOG:  database system is ready to accept connections
2026-05-14 07:13:04.967 UTC [28] LOG:  checkpoint starting: time
2026-05-14 07:13:04.994 UTC [28] LOG:  checkpoint complete: wrote 3 buffers (0.0%); 0 WAL file(s) added, 0 removed, 0 recycled; write=0.008 s, sync=0.003 s, total=0.028 s; sync files=2, longest=0.002 s, average=0.002 s; distance=0 kB, estimate=0 kB
2026-05-14 07:18:33.209 UTC [1] LOG:  received fast shutdown request
2026-05-14 07:18:33.212 UTC [1] LOG:  aborting any active transactions
2026-05-14 07:18:33.220 UTC [1] LOG:  background worker "logical replication launcher" (PID 33) exited with exit code 1
2026-05-14 07:18:33.220 UTC [28] LOG:  shutting down
2026-05-14 07:18:33.223 UTC [28] LOG:  checkpoint starting: shutdown immediate
2026-05-14 07:18:33.235 UTC [28] LOG:  checkpoint complete: wrote 0 buffers (0.0%); 0 WAL file(s) added, 0 removed, 0 recycled; write=0.001 s, sync=0.001 s, total=0.015 s; sync files=0, longest=0.000 s, average=0.000 s; distance=0 kB, estimate=0 kB
2026-05-14 07:18:33.251 UTC [1] LOG:  database system is shut down
2026-05-14 07:19:00.891 UTC [1] LOG:  starting PostgreSQL 15.15 on x86_64-pc-linux-musl, compiled by gcc (Alpine 14.2.0) 14.2.0, 64-bit
2026-05-14 07:19:00.892 UTC [1] LOG:  listening on IPv4 address "0.0.0.0", port 5432
2026-05-14 07:19:00.892 UTC [1] LOG:  listening on IPv6 address "::", port 5432
2026-05-14 07:19:00.900 UTC [1] LOG:  listening on Unix socket "/var/run/postgresql/.s.PGSQL.5432"
2026-05-14 07:19:00.916 UTC [31] LOG:  database system was shut down at 2026-05-14 07:18:33 UTC
2026-05-14 07:19:00.929 UTC [1] LOG:  database system is ready to accept connections
2026-05-14 07:24:31.819 UTC [29] LOG:  checkpoint starting: time
2026-05-14 07:24:31.858 UTC [29] LOG:  checkpoint complete: wrote 3 buffers (0.0%); 0 WAL file(s) added, 0 removed, 0 recycled; write=0.013 s, sync=0.004 s, total=0.040 s; sync files=2, longest=0.002 s, average=0.002 s; distance=0 kB, estimate=0 kB
2026-05-14 07:32:11.088 UTC [1] LOG:  starting PostgreSQL 15.15 on x86_64-pc-linux-musl, compiled by gcc (Alpine 14.2.0) 14.2.0, 64-bit
2026-05-14 07:32:11.090 UTC [1] LOG:  listening on IPv4 address "0.0.0.0", port 5432
2026-05-14 07:32:11.090 UTC [1] LOG:  listening on IPv6 address "::", port 5432
2026-05-14 07:32:11.101 UTC [1] LOG:  listening on Unix socket "/var/run/postgresql/.s.PGSQL.5432"
2026-05-14 07:32:11.119 UTC [30] LOG:  database system was interrupted; last known up at 2026-05-14 07:24:31 UTC
2026-05-14 07:32:12.504 UTC [30] LOG:  database system was not properly shut down; automatic recovery in progress
2026-05-14 07:32:12.518 UTC [30] LOG:  redo starts at 0/1AB98C8
2026-05-14 07:32:12.518 UTC [30] LOG:  invalid record length at 0/1AB99B0: wanted 24, got 0
2026-05-14 07:32:12.519 UTC [30] LOG:  redo done at 0/1AB9978 system usage: CPU: user: 0.00 s, system: 0.00 s, elapsed: 0.00 s
2026-05-14 07:32:12.529 UTC [28] LOG:  checkpoint starting: end-of-recovery immediate wait
2026-05-14 07:32:12.556 UTC [28] LOG:  checkpoint complete: wrote 3 buffers (0.0%); 0 WAL file(s) added, 0 removed, 0 recycled; write=0.008 s, sync=0.004 s, total=0.032 s; sync files=2, longest=0.002 s, average=0.002 s; distance=0 kB, estimate=0 kB
2026-05-14 07:32:12.570 UTC [1] LOG:  database system is ready to accept connections
2026-05-14 07:33:19.141 UTC [1] LOG:  starting PostgreSQL 15.15 on x86_64-pc-linux-musl, compiled by gcc (Alpine 14.2.0) 14.2.0, 64-bit
2026-05-14 07:33:19.142 UTC [1] LOG:  listening on IPv4 address "0.0.0.0", port 5432
2026-05-14 07:33:19.142 UTC [1] LOG:  listening on IPv6 address "::", port 5432
2026-05-14 07:33:19.151 UTC [1] LOG:  listening on Unix socket "/var/run/postgresql/.s.PGSQL.5432"
2026-05-14 07:33:19.166 UTC [30] LOG:  database system was interrupted; last known up at 2026-05-14 07:32:12 UTC
2026-05-14 07:33:20.664 UTC [30] LOG:  database system was not properly shut down; automatic recovery in progress
2026-05-14 07:33:20.670 UTC [30] LOG:  invalid record length at 0/1AB9A28: wanted 24, got 0
2026-05-14 07:33:20.670 UTC [30] LOG:  redo is not required
2026-05-14 07:33:20.677 UTC [28] LOG:  checkpoint starting: end-of-recovery immediate wait
2026-05-14 07:33:20.713 UTC [28] LOG:  checkpoint complete: wrote 3 buffers (0.0%); 0 WAL file(s) added, 0 removed, 0 recycled; write=0.017 s, sync=0.004 s, total=0.040 s; sync files=2, longest=0.002 s, average=0.002 s; distance=0 kB, estimate=0 kB
2026-05-14 07:33:20.725 UTC [1] LOG:  database system is ready to accept connections
2026-05-14 07:38:33.631 UTC [1] LOG:  received fast shutdown request
2026-05-14 07:38:33.635 UTC [1] LOG:  aborting any active transactions
2026-05-14 07:38:33.640 UTC [1] LOG:  background worker "logical replication launcher" (PID 33) exited with exit code 1
2026-05-14 07:38:33.641 UTC [28] LOG:  shutting down
2026-05-14 07:38:33.645 UTC [28] LOG:  checkpoint starting: shutdown immediate
2026-05-14 07:38:33.657 UTC [28] LOG:  checkpoint complete: wrote 0 buffers (0.0%); 0 WAL file(s) added, 0 removed, 0 recycled; write=0.001 s, sync=0.001 s, total=0.016 s; sync files=0, longest=0.000 s, average=0.000 s; distance=0 kB, estimate=0 kB
2026-05-14 07:38:33.671 UTC [1] LOG:  database system is shut down
2026-05-14 07:39:16.878 UTC [1] LOG:  starting PostgreSQL 15.15 on x86_64-pc-linux-musl, compiled by gcc (Alpine 14.2.0) 14.2.0, 64-bit
2026-05-14 07:39:16.890 UTC [1] LOG:  listening on IPv4 address "0.0.0.0", port 5432
2026-05-14 07:39:16.890 UTC [1] LOG:  listening on IPv6 address "::", port 5432
2026-05-14 07:39:16.898 UTC [1] LOG:  listening on Unix socket "/var/run/postgresql/.s.PGSQL.5432"
2026-05-14 07:39:16.912 UTC [30] LOG:  database system was shut down at 2026-05-14 07:38:33 UTC
2026-05-14 07:39:16.931 UTC [1] LOG:  database system is ready to accept connections
2026-05-14 07:44:48.036 UTC [28] LOG:  checkpoint starting: time
2026-05-14 07:44:48.250 UTC [28] LOG:  checkpoint complete: wrote 4 buffers (0.0%); 0 WAL file(s) added, 0 removed, 0 recycled; write=0.109 s, sync=0.048 s, total=0.215 s; sync files=3, longest=0.044 s, average=0.016 s; distance=0 kB, estimate=0 kB
2026-05-14 07:48:09.424 UTC [1] LOG:  received fast shutdown request
2026-05-14 07:48:09.428 UTC [1] LOG:  aborting any active transactions
2026-05-14 07:48:09.433 UTC [1] LOG:  background worker "logical replication launcher" (PID 33) exited with exit code 1
2026-05-14 07:48:09.434 UTC [28] LOG:  shutting down
2026-05-14 07:48:09.437 UTC [28] LOG:  checkpoint starting: shutdown immediate
2026-05-14 07:48:09.448 UTC [28] LOG:  checkpoint complete: wrote 0 buffers (0.0%); 0 WAL file(s) added, 0 removed, 0 recycled; write=0.001 s, sync=0.001 s, total=0.015 s; sync files=0, longest=0.000 s, average=0.000 s; distance=0 kB, estimate=0 kB
2026-05-14 07:48:09.463 UTC [1] LOG:  database system is shut down
2026-05-14 08:02:06.435 UTC [1] LOG:  starting PostgreSQL 15.15 on x86_64-pc-linux-musl, compiled by gcc (Alpine 14.2.0) 14.2.0, 64-bit
2026-05-14 08:02:06.436 UTC [1] LOG:  listening on IPv4 address "0.0.0.0", port 5432
2026-05-14 08:02:06.436 UTC [1] LOG:  listening on IPv6 address "::", port 5432
2026-05-14 08:02:06.444 UTC [1] LOG:  listening on Unix socket "/var/run/postgresql/.s.PGSQL.5432"
2026-05-14 08:02:06.457 UTC [30] LOG:  database system was shut down at 2026-05-14 07:48:09 UTC
2026-05-14 08:02:06.485 UTC [1] LOG:  database system is ready to accept connections
2026-05-14 08:07:38.608 UTC [28] LOG:  checkpoint starting: time
2026-05-14 08:07:38.635 UTC [28] LOG:  checkpoint complete: wrote 3 buffers (0.0%); 0 WAL file(s) added, 0 removed, 0 recycled; write=0.006 s, sync=0.003 s, total=0.027 s; sync files=2, longest=0.002 s, average=0.002 s; distance=0 kB, estimate=0 kB
2026-05-14 08:36:23.343 UTC [1] LOG:  starting PostgreSQL 15.15 on x86_64-pc-linux-musl, compiled by gcc (Alpine 14.2.0) 14.2.0, 64-bit
2026-05-14 08:36:23.344 UTC [1] LOG:  listening on IPv4 address "0.0.0.0", port 5432
2026-05-14 08:36:23.344 UTC [1] LOG:  listening on IPv6 address "::", port 5432
2026-05-14 08:36:23.352 UTC [1] LOG:  listening on Unix socket "/var/run/postgresql/.s.PGSQL.5432"
2026-05-14 08:36:23.368 UTC [30] LOG:  database system was interrupted; last known up at 2026-05-14 08:07:38 UTC
2026-05-14 08:36:24.876 UTC [30] LOG:  database system was not properly shut down; automatic recovery in progress
2026-05-14 08:36:24.887 UTC [30] LOG:  redo starts at 0/1AB9D20
2026-05-14 08:36:24.887 UTC [30] LOG:  invalid record length at 0/1AB9E08: wanted 24, got 0
2026-05-14 08:36:24.887 UTC [30] LOG:  redo done at 0/1AB9DD0 system usage: CPU: user: 0.00 s, system: 0.00 s, elapsed: 0.00 s
2026-05-14 08:36:24.900 UTC [28] LOG:  checkpoint starting: end-of-recovery immediate wait
2026-05-14 08:36:24.938 UTC [28] LOG:  checkpoint complete: wrote 3 buffers (0.0%); 0 WAL file(s) added, 0 removed, 0 recycled; write=0.012 s, sync=0.004 s, total=0.044 s; sync files=2, longest=0.003 s, average=0.002 s; distance=0 kB, estimate=0 kB
2026-05-14 08:36:24.952 UTC [1] LOG:  database system is ready to accept connections
2026-05-14 08:42:52.290 UTC [1] LOG:  starting PostgreSQL 15.15 on x86_64-pc-linux-musl, compiled by gcc (Alpine 14.2.0) 14.2.0, 64-bit
2026-05-14 08:42:52.290 UTC [1] LOG:  listening on IPv4 address "0.0.0.0", port 5432
2026-05-14 08:42:52.290 UTC [1] LOG:  listening on IPv6 address "::", port 5432
2026-05-14 08:42:52.299 UTC [1] LOG:  listening on Unix socket "/var/run/postgresql/.s.PGSQL.5432"
2026-05-14 08:42:52.316 UTC [30] LOG:  database system was interrupted; last known up at 2026-05-14 08:36:24 UTC
2026-05-14 08:42:53.641 UTC [30] LOG:  database system was not properly shut down; automatic recovery in progress
2026-05-14 08:42:53.654 UTC [30] LOG:  redo starts at 0/1AB9E80
2026-05-14 08:42:53.655 UTC [30] LOG:  invalid record length at 0/1AB9EB8: wanted 24, got 0
2026-05-14 08:42:53.655 UTC [30] LOG:  redo done at 0/1AB9E80 system usage: CPU: user: 0.00 s, system: 0.00 s, elapsed: 0.00 s
2026-05-14 08:42:53.665 UTC [28] LOG:  checkpoint starting: end-of-recovery immediate wait
2026-05-14 08:42:53.690 UTC [28] LOG:  checkpoint complete: wrote 3 buffers (0.0%); 0 WAL file(s) added, 0 removed, 0 recycled; write=0.007 s, sync=0.003 s, total=0.028 s; sync files=2, longest=0.002 s, average=0.002 s; distance=0 kB, estimate=0 kB
2026-05-14 08:42:53.701 UTC [1] LOG:  database system is ready to accept connections
2026-05-14 08:48:26.017 UTC [28] LOG:  checkpoint starting: time
2026-05-14 08:48:26.948 UTC [28] LOG:  checkpoint complete: wrote 10 buffers (0.1%); 0 WAL file(s) added, 0 removed, 0 recycled; write=0.907 s, sync=0.011 s, total=0.932 s; sync files=7, longest=0.003 s, average=0.002 s; distance=7 kB, estimate=7 kB
2026-05-14 08:49:10.966 UTC [1] LOG:  received fast shutdown request
2026-05-14 08:49:10.970 UTC [1] LOG:  aborting any active transactions
2026-05-14 08:49:10.977 UTC [1] LOG:  background worker "logical replication launcher" (PID 33) exited with exit code 1
2026-05-14 08:49:10.977 UTC [28] LOG:  shutting down
2026-05-14 08:49:10.980 UTC [28] LOG:  checkpoint starting: shutdown immediate
2026-05-14 08:49:10.991 UTC [28] LOG:  checkpoint complete: wrote 0 buffers (0.0%); 0 WAL file(s) added, 0 removed, 0 recycled; write=0.001 s, sync=0.001 s, total=0.014 s; sync files=0, longest=0.000 s, average=0.000 s; distance=0 kB, estimate=7 kB
2026-05-14 08:49:11.004 UTC [1] LOG:  database system is shut down
2026-05-14 08:49:37.691 UTC [1] LOG:  starting PostgreSQL 15.15 on x86_64-pc-linux-musl, compiled by gcc (Alpine 14.2.0) 14.2.0, 64-bit
2026-05-14 08:49:37.692 UTC [1] LOG:  listening on IPv4 address "0.0.0.0", port 5432
2026-05-14 08:49:37.692 UTC [1] LOG:  listening on IPv6 address "::", port 5432
2026-05-14 08:49:37.700 UTC [1] LOG:  listening on Unix socket "/var/run/postgresql/.s.PGSQL.5432"
2026-05-14 08:49:37.716 UTC [30] LOG:  database system was shut down at 2026-05-14 08:49:10 UTC
2026-05-14 08:49:37.733 UTC [1] LOG:  database system is ready to accept connections
2026-05-14 08:55:10.023 UTC [28] LOG:  checkpoint starting: time
2026-05-14 08:55:10.240 UTC [28] LOG:  checkpoint complete: wrote 4 buffers (0.0%); 0 WAL file(s) added, 0 removed, 0 recycled; write=0.108 s, sync=0.047 s, total=0.217 s; sync files=3, longest=0.042 s, average=0.016 s; distance=0 kB, estimate=0 kB
2026-05-14 10:46:31.401 UTC [28] LOG:  checkpoint starting: time
2026-05-14 10:46:32.211 UTC [28] LOG:  checkpoint complete: wrote 8 buffers (0.0%); 0 WAL file(s) added, 0 removed, 0 recycled; write=0.775 s, sync=0.011 s, total=0.815 s; sync files=5, longest=0.008 s, average=0.003 s; distance=11 kB, estimate=11 kB
2026-05-14 10:57:20.037 UTC [28] LOG:  checkpoint starting: time
2026-05-14 10:57:20.934 UTC [28] LOG:  checkpoint complete: wrote 9 buffers (0.1%); 0 WAL file(s) added, 0 removed, 0 recycled; write=0.828 s, sync=0.018 s, total=0.898 s; sync files=9, longest=0.011 s, average=0.002 s; distance=6 kB, estimate=10 kB
2026-05-14 12:18:54.349 UTC [28] LOG:  checkpoint starting: time
2026-05-14 12:18:54.748 UTC [28] LOG:  checkpoint complete: wrote 4 buffers (0.0%); 0 WAL file(s) added, 0 removed, 0 recycled; write=0.362 s, sync=0.008 s, total=0.401 s; sync files=4, longest=0.005 s, average=0.002 s; distance=5 kB, estimate=10 kB
2026-05-14 12:19:37.809 UTC [1] LOG:  starting PostgreSQL 15.15 on x86_64-pc-linux-musl, compiled by gcc (Alpine 14.2.0) 14.2.0, 64-bit
2026-05-14 12:19:37.810 UTC [1] LOG:  listening on IPv4 address "0.0.0.0", port 5432
2026-05-14 12:19:37.810 UTC [1] LOG:  listening on IPv6 address "::", port 5432
2026-05-14 12:19:37.820 UTC [1] LOG:  listening on Unix socket "/var/run/postgresql/.s.PGSQL.5432"
2026-05-14 12:19:37.842 UTC [30] LOG:  database system was interrupted; last known up at 2026-05-14 12:18:54 UTC
2026-05-14 12:19:39.408 UTC [30] LOG:  database system was not properly shut down; automatic recovery in progress
2026-05-14 12:19:39.421 UTC [30] LOG:  redo starts at 0/1AC19B0
2026-05-14 12:19:39.421 UTC [30] LOG:  invalid record length at 0/1AC1A98: wanted 24, got 0
2026-05-14 12:19:39.421 UTC [30] LOG:  redo done at 0/1AC1A60 system usage: CPU: user: 0.00 s, system: 0.00 s, elapsed: 0.00 s
2026-05-14 12:19:39.441 UTC [28] LOG:  checkpoint starting: end-of-recovery immediate wait
2026-05-14 12:19:39.471 UTC [28] LOG:  checkpoint complete: wrote 3 buffers (0.0%); 0 WAL file(s) added, 0 removed, 0 recycled; write=0.008 s, sync=0.004 s, total=0.036 s; sync files=2, longest=0.003 s, average=0.002 s; distance=0 kB, estimate=0 kB
2026-05-14 12:19:39.490 UTC [1] LOG:  database system is ready to accept connections
2026-05-14 12:30:40.101 UTC [28] LOG:  checkpoint starting: time
2026-05-14 12:30:41.171 UTC [28] LOG:  checkpoint complete: wrote 10 buffers (0.1%); 0 WAL file(s) added, 0 removed, 0 recycled; write=1.017 s, sync=0.018 s, total=1.077 s; sync files=9, longest=0.008 s, average=0.002 s; distance=9 kB, estimate=9 kB
2026-05-14 12:36:11.475 UTC [28] LOG:  checkpoint starting: time
2026-05-14 12:36:11.604 UTC [28] LOG:  checkpoint complete: wrote 2 buffers (0.0%); 0 WAL file(s) added, 0 removed, 0 recycled; write=0.107 s, sync=0.006 s, total=0.129 s; sync files=2, longest=0.003 s, average=0.003 s; distance=0 kB, estimate=8 kB
2026-05-14 14:34:44.661 UTC [28] LOG:  checkpoint starting: time
2026-05-14 14:34:45.766 UTC [28] LOG:  checkpoint complete: wrote 10 buffers (0.1%); 0 WAL file(s) added, 0 removed, 0 recycled; write=0.977 s, sync=0.045 s, total=1.111 s; sync files=10, longest=0.030 s, average=0.005 s; distance=2 kB, estimate=7 kB
2026-05-14 18:06:16.491 UTC [1] LOG:  starting PostgreSQL 15.15 on x86_64-pc-linux-musl, compiled by gcc (Alpine 14.2.0) 14.2.0, 64-bit
2026-05-14 18:06:16.505 UTC [1] LOG:  listening on IPv4 address "0.0.0.0", port 5432
2026-05-14 18:06:16.505 UTC [1] LOG:  listening on IPv6 address "::", port 5432
2026-05-14 18:06:16.553 UTC [1] LOG:  listening on Unix socket "/var/run/postgresql/.s.PGSQL.5432"
2026-05-14 18:06:16.611 UTC [31] LOG:  database system was interrupted; last known up at 2026-05-14 14:34:45 UTC
2026-05-14 18:06:20.674 UTC [31] LOG:  database system was not properly shut down; automatic recovery in progress
2026-05-14 18:06:20.697 UTC [31] LOG:  redo starts at 0/1AC4B28
2026-05-14 18:06:20.697 UTC [31] LOG:  invalid record length at 0/1AC4C10: wanted 24, got 0
2026-05-14 18:06:20.697 UTC [31] LOG:  redo done at 0/1AC4BD8 system usage: CPU: user: 0.00 s, system: 0.00 s, elapsed: 0.00 s
2026-05-14 18:06:20.734 UTC [29] LOG:  checkpoint starting: end-of-recovery immediate wait
2026-05-14 18:06:20.856 UTC [29] LOG:  checkpoint complete: wrote 3 buffers (0.0%); 0 WAL file(s) added, 0 removed, 0 recycled; write=0.049 s, sync=0.013 s, total=0.141 s; sync files=2, longest=0.008 s, average=0.007 s; distance=0 kB, estimate=0 kB
2026-05-14 18:06:20.957 UTC [1] LOG:  database system is ready to accept connections
2026-05-14 18:56:18.646 UTC [29] LOG:  checkpoint starting: time
2026-05-14 18:56:19.219 UTC [29] LOG:  checkpoint complete: wrote 5 buffers (0.0%); 0 WAL file(s) added, 0 removed, 0 recycled; write=0.457 s, sync=0.028 s, total=0.574 s; sync files=5, longest=0.015 s, average=0.006 s; distance=5 kB, estimate=5 kB
2026-05-14 19:01:51.051 UTC [29] LOG:  checkpoint starting: time
2026-05-14 19:01:51.557 UTC [29] LOG:  checkpoint complete: wrote 4 buffers (0.0%); 0 WAL file(s) added, 0 removed, 0 recycled; write=0.357 s, sync=0.038 s, total=0.509 s; sync files=4, longest=0.024 s, average=0.010 s; distance=6 kB, estimate=6 kB
2026-05-14 20:02:42.083 UTC [29] LOG:  checkpoint starting: time
2026-05-14 20:02:43.111 UTC [29] LOG:  checkpoint complete: wrote 9 buffers (0.1%); 0 WAL file(s) added, 0 removed, 0 recycled; write=0.891 s, sync=0.062 s, total=1.033 s; sync files=9, longest=0.044 s, average=0.007 s; distance=8 kB, estimate=8 kB
